[0m10:09:14.281065 [debug] [MainThread]: Sending event: {'category': 'dbt', 'action': 'invocation', 'label': 'start', 'context': [<snowplow_tracker.self_describing_json.SelfDescribingJson object at 0x0000022EED464320>, <snowplow_tracker.self_describing_json.SelfDescribingJson object at 0x0000022EEEE835C0>, <snowplow_tracker.self_describing_json.SelfDescribingJson object at 0x0000022EEEE83AD0>]}


============================== 10:09:14.286383 | c674cd27-74c3-4c84-8721-524081921217 ==============================
[0m10:09:14.286383 [info ] [MainThread]: Running with dbt=1.11.2
[0m10:09:14.286383 [debug] [MainThread]: running dbt with arguments {'version_check': 'True', 'no_print': 'None', 'static_parser': 'True', 'target_path': 'None', 'warn_error_options': 'WarnErrorOptionsV2(error=[], warn=[], silence=[])', 'printer_width': '80', 'write_json': 'True', 'empty': 'None', 'log_cache_events': 'False', 'introspect': 'True', 'cache_selected_only': 'False', 'log_format': 'default', 'debug': 'False', 'fail_fast': 'False', 'partial_parse': 'True', 'send_anonymous_usage_stats': 'True', 'quiet': 'False', 'warn_error': 'None', 'profiles_dir': 'c:\\DBT\\course\\airbnb', 'use_colors': 'True', 'indirect_selection': 'eager', 'invocation_command': 'dbt ', 'use_experimental_parser': 'False', 'log_path': 'c:\\DBT\\course\\airbnb\\logs'}
[0m10:09:14.411357 [debug] [MainThread]: Sending event: {'category': 'dbt', 'action': 'project_id', 'label': 'c674cd27-74c3-4c84-8721-524081921217', 'context': [<snowplow_tracker.self_describing_json.SelfDescribingJson object at 0x0000022EEF559460>]}
[0m10:09:14.459589 [info ] [MainThread]: Warning: No packages were found in packages.yml
[0m10:09:14.459589 [info ] [MainThread]: Warning: No packages were found in packages.yml
[0m10:09:14.459589 [debug] [MainThread]: Command `cli deps` succeeded at 10:09:14.459589 after 0.30 seconds
[0m10:09:14.459589 [debug] [MainThread]: Sending event: {'category': 'dbt', 'action': 'invocation', 'label': 'end', 'context': [<snowplow_tracker.self_describing_json.SelfDescribingJson object at 0x0000022EF0FA2960>, <snowplow_tracker.self_describing_json.SelfDescribingJson object at 0x0000022EF0C44500>, <snowplow_tracker.self_describing_json.SelfDescribingJson object at 0x0000022EEE7EB230>]}
[0m10:09:14.459589 [debug] [MainThread]: Flushing usage events
[0m10:09:15.127540 [debug] [MainThread]: An error was encountered while trying to flush usage events
[0m10:24:00.081136 [debug] [MainThread]: Sending event: {'category': 'dbt', 'action': 'invocation', 'label': 'start', 'context': [<snowplow_tracker.self_describing_json.SelfDescribingJson object at 0x000001CBCFA818E0>, <snowplow_tracker.self_describing_json.SelfDescribingJson object at 0x000001CBCF5A20F0>, <snowplow_tracker.self_describing_json.SelfDescribingJson object at 0x000001CBCF5A3260>]}


============================== 10:24:00.085141 | 597083ec-1d95-43f1-a7c2-59111f647254 ==============================
[0m10:24:00.085141 [info ] [MainThread]: Running with dbt=1.11.2
[0m10:24:00.086141 [debug] [MainThread]: running dbt with arguments {'version_check': 'True', 'no_print': 'None', 'static_parser': 'True', 'target_path': 'None', 'warn_error_options': 'WarnErrorOptionsV2(error=[], warn=[], silence=[])', 'printer_width': '80', 'write_json': 'True', 'introspect': 'True', 'log_cache_events': 'False', 'empty': 'None', 'cache_selected_only': 'False', 'log_format': 'default', 'debug': 'False', 'fail_fast': 'False', 'profiles_dir': 'C:\\DBT\\course\\airbnb', 'send_anonymous_usage_stats': 'True', 'quiet': 'False', 'warn_error': 'None', 'partial_parse': 'True', 'use_colors': 'True', 'invocation_command': 'dbt debug', 'indirect_selection': 'eager', 'use_experimental_parser': 'False', 'log_path': 'C:\\DBT\\course\\airbnb\\logs'}
[0m10:24:00.105694 [info ] [MainThread]: dbt version: 1.11.2
[0m10:24:00.105694 [info ] [MainThread]: python version: 3.12.4
[0m10:24:00.106693 [info ] [MainThread]: python path: C:\DBT\course\.venv\Scripts\python.exe
[0m10:24:00.106693 [info ] [MainThread]: os info: Windows-11-10.0.26200-SP0
[0m10:24:00.363858 [debug] [MainThread]: Snowflake adapter: Setting snowflake.connector to ERROR (file logging only)
[0m10:24:00.363858 [debug] [MainThread]: Snowflake adapter: Setting botocore to ERROR (file logging only)
[0m10:24:00.363858 [debug] [MainThread]: Snowflake adapter: Setting boto3 to ERROR (file logging only)
[0m10:24:00.430353 [info ] [MainThread]: Using profiles dir at C:\DBT\course\airbnb
[0m10:24:00.430627 [info ] [MainThread]: Using profiles.yml file at C:\DBT\course\airbnb\profiles.yml
[0m10:24:00.430627 [info ] [MainThread]: Using dbt_project.yml file at C:\DBT\course\airbnb\dbt_project.yml
[0m10:24:00.431676 [info ] [MainThread]: adapter type: snowflake
[0m10:24:00.431676 [info ] [MainThread]: adapter version: 1.11.1
[0m10:24:00.573870 [info ] [MainThread]: Configuration:
[0m10:24:00.574871 [info ] [MainThread]:   profiles.yml file [[32mOK found and valid[0m]
[0m10:24:00.574871 [info ] [MainThread]:   dbt_project.yml file [[32mOK found and valid[0m]
[0m10:24:00.574871 [info ] [MainThread]: Required dependencies:
[0m10:24:00.575872 [debug] [MainThread]: Executing "git --help"
[0m10:24:00.605430 [debug] [MainThread]: STDOUT: "b"usage: git [-v | --version] [-h | --help] [-C <path>] [-c <name>=<value>]\n           [--exec-path[=<path>]] [--html-path] [--man-path] [--info-path]\n           [-p | --paginate | -P | --no-pager] [--no-replace-objects] [--bare]\n           [--git-dir=<path>] [--work-tree=<path>] [--namespace=<name>]\n           [--config-env=<name>=<envvar>] <command> [<args>]\n\nThese are common Git commands used in various situations:\n\nstart a working area (see also: git help tutorial)\n   clone     Clone a repository into a new directory\n   init      Create an empty Git repository or reinitialize an existing one\n\nwork on the current change (see also: git help everyday)\n   add       Add file contents to the index\n   mv        Move or rename a file, a directory, or a symlink\n   restore   Restore working tree files\n   rm        Remove files from the working tree and from the index\n\nexamine the history and state (see also: git help revisions)\n   bisect    Use binary search to find the commit that introduced a bug\n   diff      Show changes between commits, commit and working tree, etc\n   grep      Print lines matching a pattern\n   log       Show commit logs\n   show      Show various types of objects\n   status    Show the working tree status\n\ngrow, mark and tweak your common history\n   branch    List, create, or delete branches\n   commit    Record changes to the repository\n   merge     Join two or more development histories together\n   rebase    Reapply commits on top of another base tip\n   reset     Reset current HEAD to the specified state\n   switch    Switch branches\n   tag       Create, list, delete or verify a tag object signed with GPG\n\ncollaborate (see also: git help workflows)\n   fetch     Download objects and refs from another repository\n   pull      Fetch from and integrate with another repository or a local branch\n   push      Update remote refs along with associated objects\n\n'git help -a' and 'git help -g' list available subcommands and some\nconcept guides. See 'git help <command>' or 'git help <concept>'\nto read about a specific subcommand or concept.\nSee 'git help git' for an overview of the system.\n""
[0m10:24:00.605430 [debug] [MainThread]: STDERR: "b''"
[0m10:24:00.606438 [info ] [MainThread]:  - git [[32mOK found[0m]

[0m10:24:00.606438 [info ] [MainThread]: Connection:
[0m10:24:00.607431 [info ] [MainThread]:   account: dncpgnt-ebb22004
[0m10:24:00.607431 [info ] [MainThread]:   user: dbt
[0m10:24:00.607431 [info ] [MainThread]:   database: AIRBNB
[0m10:24:00.607431 [info ] [MainThread]:   warehouse: COMPUTE_WH
[0m10:24:00.608430 [info ] [MainThread]:   role: TRANSFORM
[0m10:24:00.608430 [info ] [MainThread]:   schema: DEV
[0m10:24:00.608430 [info ] [MainThread]:   authenticator: None
[0m10:24:00.609433 [info ] [MainThread]:   oauth_client_id: None
[0m10:24:00.609433 [info ] [MainThread]:   query_tag: None
[0m10:24:00.610431 [info ] [MainThread]:   client_session_keep_alive: False
[0m10:24:00.610431 [info ] [MainThread]:   host: None
[0m10:24:00.610431 [info ] [MainThread]:   port: None
[0m10:24:00.611605 [info ] [MainThread]:   proxy_host: None
[0m10:24:00.611605 [info ] [MainThread]:   proxy_port: None
[0m10:24:00.611605 [info ] [MainThread]:   protocol: None
[0m10:24:00.612611 [info ] [MainThread]:   connect_retries: 1
[0m10:24:00.612611 [info ] [MainThread]:   connect_timeout: None
[0m10:24:00.612611 [info ] [MainThread]:   retry_on_database_errors: False
[0m10:24:00.613611 [info ] [MainThread]:   retry_all: False
[0m10:24:00.613611 [info ] [MainThread]:   insecure_mode: False
[0m10:24:00.613611 [info ] [MainThread]:   reuse_connections: True
[0m10:24:00.615106 [info ] [MainThread]:   s3_stage_vpce_dns_name: None
[0m10:24:00.615106 [info ] [MainThread]:   platform_detection_timeout_seconds: 0.0
[0m10:24:00.616114 [info ] [MainThread]: Registered adapter: snowflake=1.11.1
[0m10:24:00.784117 [debug] [MainThread]: Acquiring new snowflake connection 'debug'
[0m10:24:00.839481 [debug] [MainThread]: Using snowflake connection "debug"
[0m10:24:00.839481 [debug] [MainThread]: On debug: select 1 as id
[0m10:24:00.840481 [debug] [MainThread]: Opening a new connection, currently in state init
[0m10:24:01.450374 [debug] [MainThread]: SQL status: SUCCESS 1 in 0.610 seconds
[0m10:24:01.452372 [info ] [MainThread]:   Connection test: [[32mOK connection ok[0m]

[0m10:24:01.453368 [info ] [MainThread]: [32mAll checks passed![0m
[0m10:24:01.454369 [debug] [MainThread]: Command `dbt debug` succeeded at 10:24:01.454369 after 1.51 seconds
[0m10:24:01.454369 [debug] [MainThread]: Connection 'debug' was left open.
[0m10:24:01.454369 [debug] [MainThread]: On debug: Close
[0m10:24:01.588857 [debug] [MainThread]: Sending event: {'category': 'dbt', 'action': 'invocation', 'label': 'end', 'context': [<snowplow_tracker.self_describing_json.SelfDescribingJson object at 0x000001CBD1FFE600>, <snowplow_tracker.self_describing_json.SelfDescribingJson object at 0x000001CBD1673AA0>, <snowplow_tracker.self_describing_json.SelfDescribingJson object at 0x000001CBD1BB80B0>]}
[0m10:24:01.589872 [debug] [MainThread]: Flushing usage events
[0m10:24:02.256913 [debug] [MainThread]: An error was encountered while trying to flush usage events
